Avatars: every name draws its own

 ▗▄██▙▄                 ▄▄▄▄      ▄█▙▄▄▖     ▗▄███▄▖     ▗▟▙▖      ▗▟▀▛▜▖  
▗█▘▐▛ ▜▙   ▄█▀▜▌ █▄   ▟█▛▀▛▀█▙   ▗█ ▐ ▜█▛   ▗█▌ █ ▜▙    ▗█▀▀▜▖    ▐█▌   █▌ 
▐█ ▟▌ █▛   ▀█▄▟▌ █▀   ▝▜▙ ▙ █▘   ▟█▌▝▖▝█▘   ▜█▌ █ ▐▛    ██  ▐█    ▝█▙▄▙▟█▘ 
 ▀▀██▛▀                 ▝▀▀▀      ▝▀▀▜█▀     ▀███▛▀     ▝▜█▙▛▘     ▝▀▀▜█▛  
   ada       linus      grace       ken     margaret    dennis     barbara 

 ▄▄█▛▄▖     ▄▟██▙▄      ▄▄▟█▙▖     ▄▄▄▄       ▗▟▙▖      ▗▄██▄▄     ▄▟██▙▄  
▐█ ▐▘ █▌   ▐█▌ ▘▐█▌   ▗█▌▐▌ █▙   ▟█▘▐▛ █▙    ▟▀█▛▜▙    ▟█ ▜▘▐█▙   ▐█ ▐▘▗█▌ 
▐▙ █ ▐█▌   ▐█▌ ▖▟█▌   ██▙▟▙▄█▛   ▜█▄▟▙▄█▛    █ ▐▖ █    ▜█ ▐▌▟█▛   ▐█ ▟ ▟█▌ 
 ▝▀██▀▀     ▀▜██▛▀     ▀▀██▀▀      ▀▀▀▀      ▝▜██▛▘     ▀▀▜█▛▀     ▀▜██▛▀  
  alan       hedy      edsger      radia     donald     frances    bjarne  

 ▄████▄     ▄▄██▄▄     ▟███▙▄▖              ▗▄▀█▛ █▖    ▗▄▄█▙▖     ▗██▙▄▄▖ 
▟▌ ▜▌▝█▙   ▟█▘▐▛ ▐▙   ▗█ ▐ ██▌   ▟█ ▜▘▝█▙   ██ ▐▌ █▙   ▗█▘▝ ▟█▖    █▛ ▛ █▌ 
▜█▄▟▙▄█▛   ▜█▄▟▙▗█▛   ▐█▖▝ ▐█▘   ▜█ ▟ ▐█▛   ▜█▖█▌ ██   ▐█▄▄▄██▌   ▐█▌▗▌▐█  
 ▀████▀     ▀▀██▀▀    ▝▀▜███▛               ▝█████▀▘    ▀▜██▛▀    ▝▀▀▜██▘  
katherine    guido     sophie       tim       annie       rob       joan   

ada: nub, body #ad96f4, eyes #100e17  [8x4, none, blocks, none]
←/→ name  +/- size  b background  e expression  i idle  a ascii  space blink  q 