Avatars: every name draws its own

 ▗▄██▙▄                 ▄▄▄▄      ▄█▙▄▄▖     ▗▄███▄▖     ▗▟▙▖      ▗▟▀▛▜▖     ▄▄█▛▄▖     ▄▟██▙▄      ▄▄▟█▙▖     ▄▄▄▄   
▗█▘▐▛ ▜▙   ▄█▀▜▌ █▄   ▟█▛▀▛▀█▙   ▗█ ▐ ▜█▛   ▗█▌ █ ▜▙    ▗█▀▀▜▖    ▐█▌   █▌   ▐█ ▐▘ █▌   ▐█▌ ▘▐█▌   ▗█▌▐▌ █▙   ▟█▘▐▛ █▙ 
▐█ ▟▌ █▛   ▀█▄▟▌ █▀   ▝▜▙ ▙ █▘   ▟█▌▝▖▝█▘   ▜█▌ █ ▐▛    ██  ▐█    ▝█▙▄▙▟█▘   ▐▙ █ ▐█▌   ▐█▌ ▖▟█▌   ██▙▟▙▄█▛   ▜█▄▟▙▄█▛ 
 ▀▀██▛▀                 ▝▀▀▀      ▝▀▀▜█▀     ▀███▛▀     ▝▜█▙▛▘     ▝▀▀▜█▛     ▝▀██▀▀     ▀▜██▛▀     ▀▀██▀▀      ▀▀▀▀   
   ada       linus      grace       ken     margaret    dennis     barbara     alan       hedy      edsger      radia  

  ▗▟▙▖      ▗▄██▄▄     ▄▟██▙▄     ▄████▄     ▄▄██▄▄     ▟███▙▄▖              ▗▄▀█▛ █▖    ▗▄▄█▙▖     ▗██▙▄▄▖    ▄███▄▄▖ 
 ▟▀█▛▜▙    ▟█ ▜▘▐█▙   ▐█ ▐▘▗█▌   ▟▌ ▜▌▝█▙   ▟█▘▐▛ ▐▙   ▗█ ▐ ██▌   ▟█ ▜▘▝█▙   ██ ▐▌ █▙   ▗█▘▝ ▟█▖    █▛ ▛ █▌   ▗█ ▝ ▜█▌ 
 █ ▐▖ █    ▜█ ▐▌▟█▛   ▐█ ▟ ▟█▌   ▜█▄▟▙▄█▛   ▜█▄▟▙▗█▛   ▐█▖▝ ▐█▘   ▜█ ▟ ▐█▛   ▜█▖█▌ ██   ▐█▄▄▄██▌   ▐█▌▗▌▐█    ▐█▙▄▄▟█▘ 
 ▝▜██▛▘     ▀▀▜█▛▀     ▀▜██▛▀     ▀████▀     ▀▀██▀▀    ▝▀▜███▛               ▝█████▀▘    ▀▜██▛▀    ▝▀▀▜██▘    ▝▀▀███▀  
 donald     frances    bjarne    katherine    guido     sophie       tim       annie       rob       joan       brian  

 ▄███▄▖                ▗▄▟▙▄▖     ▄▟██▙▄      ▄▟█▙▄     ▄▄██▄▄     ▗▄▄▄▄▖     ▄████▄      ▗▟▙▖      ▄▛▜▛▀▄     ▄▄▄▄▄▄  
▐█▌ ▖▝█▌   ▟█▌ ▛ █▙   ▄█▛▀▌▐█▄   ▐█▘▝▛▝█▌   ▗▟█ █ ▐▙   ▟█▘▐▌▐█▙   ▄█▌ ▛▝█▙   ▐█▘▐▌▝█▌    ▄█▜██▄    ▐█▘▗▌ █▌   ▟█ ▜ ▐█▙ 
▝█▙▄▙▄█▌   ▜█▌ ▌ █▛   ▗█▌▟▖▟█▘   ▐█▌▗▙ █▌   ▀██▄█▄▟▛   ▜█▖▐▌▐█▛   ▝██▄█▄█▛   ▐█▙▄▙▄█▌    █▌▗▌▟█    ▐█ ▐▌▐█▌   ▜█ ▐▖ █▛ 
 ▝▜███▛                ▝▜▛▜▛      ▀▜██▛▀     ▝▀▜█▛▀     ▀▀██▀▀     ▝▀▀▀▀▘     ▀████▀     ▝▜██▛▘     ▀████▀     ▝▀▀▀▀▘  
  karen     niklaus    evelyn      john       jean      claude      mary       vint       lynn     whitfield    shafi  

   ▄▄        ▄▄▄▖      ▄▄██▄▄     ▄▛▜▛▜▄     ▄▛▀▘▜▄     ▄██▄▄      ▄▟██▙▄  
  ▟▜█▙     ▗█▘▐▌▐▙▖   ▟█ ▜▘▐█▙   ▟█▌ ▌ █▙   ▐█▘  ▐█▌   ▟█ ▜ ▐█▖   ▟█ ▐ ▐█▙ 
▗█▖ ▌ █▖   ▜█▄▟▙▐█▀   ▜█▄▟▙▟█▛   ▜█▌ ▙ █▛   ▐█ ▄▗██▌   ▜█▄▟▄▟█▛   ▜█▌▐▖▗█▛ 
▀▀▝▀▝▀▀▀    ▀▀▀▀▀      ▀▀██▀▀     ▀▜██▛▀     ▀████▀     ▀▜███▀     ▀▜██▛▀  
 leslie      adele     butler      anita     andrew      carol     martin  

ada: nub, body #ad96f4, eyes #100e17  [8x4, none, blocks, none]
click or r react  ←/→ name  +/- size  b bg  e expression  i idle  c hue  t tone  s shape  a ascii  q quit