 ███ ████ █████ █  █ ███                          
█    █      █   █  █ █  █                         
 ██  ███    █   █  █ ███                          
   █ █      █   █  █ █                            
███  ████   █    ██  █                            
                                                  
┌────────────────────────────────────────────────┐
│                                                │
│ ℹ No step applied yet.                         │
│                                                │
└────────────────────────────────────────────────┘
                                                  
  Configure workspace                             
> Configure notifications                         
  Finish                                          
                                                  
enter apply  ctrl+c quit                          