 ███ ████ █████ █  █ ███                          
█    █      █   █  █ █  █                         
 ██  ███    █   █  █ ███                          
   █ █      █   █  █ █                            
███  ████   █    ██  █                            
                                                  
┌────────────────────────────────────────────────┐
│                                                │
│ ℹ Applied: Configure workspace                 │
│                                                │
└────────────────────────────────────────────────┘
                                                  
> Configure workspace                             
  Configure notifications                         
  Finish                                          
                                                  
enter apply  ctrl+c quit                          