┌────────────────────────────────────────────────────┐
│                                                    │
│ Account created                                    │
│                                                    │
│ Name:     Ada Lovelace                             │
│ Email:    ada@example.com                          │
│ Plan:     Pro                                      │
│ Password: 21 characters, not shown                 │
│                                                    │
│ [enter] quit                                       │
│                                                    │
└────────────────────────────────────────────────────┘