╭──────────────────────────────────────────────╮
│                                              │
│ Sign up                                      │
│                                              │
│ ● Edit → ○ Confirm                           │
│                                              │
│ Name:      Ada Lovelace                      │
│ Email:    ada@example.com                    │
│ Language: start typing...                    │
│                                              │
│ tab next field  enter next/confirm  esc quit │
│                                              │
╰──────────────────────────────────────────────╯