 Gallery / Code                                             
                                                            
Code  < >[ ][ ] — [ ][ ][ ]                                 
                                                            
                                                            
                                                            
                                                            
                                                            
                                                            
                                                            
                                                            
Type six digits, or paste them.                             
[1] 2  3  4  5  6  7                                        
                                                            
[tab] page or pager  [pgup/pgdn] change page  [esc] quit    