Chat        session #1      ⣀⣤⣤⣤⣤⣀      
                         ⢀⣴⠟⠉⠁  ⠈⠉⠻⣦⡀   
                        ⢠⡟⠁        ⠈⢻⡄  
                        ⣿⠁   35%    ⠈⣿  
                                        
┌──────────────────────────────────────┐
│                                      │
│ Refactor parseArgs to return an      │
│ error instead of calling os.Exit.    │
│                                      │