Chat                            session #1      ⣀⣤⣤⣤⣤⣀      
                                             ⢀⣴⠟⠉⠁  ⠈⠉⠻⣦⡀   
                                            ⢠⡟⠁        ⠈⢻⡄  
                                            ⣿⠁   35%    ⠈⣿  
                                                            
┌──────────────────────────────────────────────────────────┐
│                                                          │
│ Refactor parseArgs to return an error instead of calling │
│ os.Exit.                                                 │
│                                                          │
│ • keep the flag order                                    │
│ • add a regression test                                  │
│                                                          │
└──────────────────────────────────────────────────────────┘
                                                            
┌──────────────────────────────────────────────────────────┐
│                                                          │
│ █                                                        │
│                                                          │
└──────────────────────────────────────────────────────────┘
                                                            
┌──────────────────────────────────────────────────────────┐
│ 1 │ func parseArgs(args []string) (Config, error) {      │
│ 2 │     if len(args) < 2 {                               │