faces  #1 of 50                                                          
                                                                         
                                                                         
   ⣠⣾⣿⣿⣷⣄                                                                
   ⣿⣧⣿⣿⣼⣿                                                                
   ⠙⢿⣯⣽⡿⠋                                                                
                                                                         
Pip · blink · 1/8                                                        
                                                                         
click a face to play · ←/→ change · s size · w wall · space loop · q quit