faces  wall 2/7                                                               
                                                                              
                                                                              
   ⣴⣿⣿⣿⣿⣦        ⣴⣝⣻⣟⣫⣦        ⣴⣿⣿⣿⣿⣦ ⡀⡀     ⣴⣝⣻⣟⣫⣦                           
   ⣿⣍⣽⣯⣩⣿        ⣿⣤⣿⣿⣤⣿        ⣿⣵⣽⣯⣮⣿⠈⠻⠋     ⣿⣇⣿⣿⣸⣿                           
   ⠻⣿⣮⣵⣿⠟        ⠻⣧⣭⣭⣼⠟        ⠳⣾⣮⣵⣷⠞        ⠻⣷⣭⣭⣾⠟                           
                                                                              
#9 Smirk      #10 Boss      #11 Cupid     #12 Scowl                           
                                                                              
                                                                              
   ⣴⣝⣻⣟⣫⣦        ⢀⣤⣤⣤⣤⡀        ⣾⣿⣿⣿⣿⣷        ⣾⣿⣿⣿⣿⣷                           
   ⣿⣐⣸⣇⣂⣿        ⣿⠛⣿⣿⠛⣿        ⣿⣇⣿⣿⣸⣿        ⣿⣵⣽⣿⣵⣽                           
   ⠻⣿⣵⣮⣿⠟        ⣿⣶⡻⢟⣶⣿        ⠻⡻⡫⡹⡻⡻        ⠳⡲⡩⡩⡲⡺                           
                 ⠈⠛⠛⠛⠛⠁                                                       
#13 Rumble    #14 Tango     #15 Yawn      #16 Bubbles                         
                                                                              
click a face to play · ←/→ page · s size · w single · space play page · q quit