faces  wall 1/13              
                              
                              
   ⣠⣾⣿⣿⣷⣄        ⣠⣚⣽⣯⣓⣄       
   ⣿⣧⣿⣿⣼⣿        ⣿⣇⣿⣿⣸⣿       
   ⠙⢿⣯⣽⡿⠋        ⠙⢿⣵⣮⡿⠋       
                              
#1 Pip        #2 Drizzle      
                              
                              
   ⣠⣾⣿⣿⣷⣄        ⣠⣾⣿⣿⣷⣄       
   ⣿⣤⣿⣿⣤⣿        ⣿⣵⣽⣯⣮⣿       
   ⠙⢿⣯⣽⡿⠋        ⠑⢶⣭⣭⡶⠊       
                              
#3 Nimbus     #4 Sunny        
                              
click play · ←/→ page · s w sp