faces  wall 1/7                                                               
                                                                              
                                                                              
                                                                              
     ⣠⣶⣿⣿⣿⣿⣶⣄            ⣠⣶⡿⢿⡿⢿⣶⣄            ⣠⣶⣿⣿⣿⣿⣶⣄            ⣠⣶⣿⣿⣿⣿⣶⣄     
    ⣼⣿⣿⣿⣿⣿⣿⣿⣿⣧          ⣼⣿⡥⢶⣿⣿⡶⢬⣿⣧          ⣼⣿⡿⢿⣿⣿⡿⢿⣿⣧          ⣼⣿⣿⣿⣿⣿⣿⣿⣿⣧    
    ⣿⣿⣇⣸⣿⣿⣇⣸⣿⣿          ⣿⣿⡇⢸⣿⣿⡇⢸⣿⣿          ⣿⣿⣄⣠⣿⣿⣄⣠⣿⣿          ⣿⣿⣫⣮⣻⣿⣫⣮⣻⣿    
    ⢻⣿⣿⢿⣿⣿⡿⣿⣿⡟          ⢻⣿⣿⡿⣛⣛⢿⣿⣿⡟          ⢻⣿⣿⢿⣿⣿⡿⣿⣿⡟          ⢻⣿⡖⢾⣿⣿⡷⢲⣿⡟    
     ⠙⠿⣷⣶⣶⣾⠿⠋            ⠙⠿⣾⣿⣿⣷⠿⠋            ⠙⠿⣷⣶⣶⣾⠿⠋            ⠙⠿⣶⣶⣶⣶⠿⠋     
                                                                              
                                                                              
#1 Pip              #2 Drizzle          #3 Nimbus           #4 Sunny          
                                                                              
                                                                              
                                                                              
    ⣾⣿⣿⣿⣿⣿⣿⣿⣿⣷          ⣾⣿⣿⣿⣿⣿⣿⣿⣿⣷          ⣾⣿⣿⣿⣿⣿⣿⣿⣿⣷          ⣠⣾⣿⣿⣿⣿⣿⣿⣷⣄    
    ⣿⣿⣿⣿⣿⣿⣿⣿⣿⣿          ⣿⣿⡿⠿⣿⣿⠿⢿⣿⣿          ⣿⣿⡿⢿⣿⣿⡿⢿⣿⣿          ⣿⣿⣿⣿⣿⣿⣿⣿⣿⣿    
    ⣿⣿⣏⣹⣿⣿⣏⣹⣿⣿          ⣿⣿⣄⣀⣼⣧⣀⣠⣿⣿          ⣿⣿⣜⣣⣿⣿⣜⣣⣿⣿          ⣿⣿⣇⣸⣿⣿⣇⣸⣿⣿    
    ⣿⣿⣿⣿⣿⣿⣿⣿⣿⣿          ⣿⣿⣿⢿⣿⣿⡿⣿⣿⣿          ⣿⣿⣿⢿⣿⣿⡿⣿⣿⣿          ⣿⣿⣿⡻⣿⣿⢟⣿⣿⣿    
    ⢿⣿⣿⣶⣶⣶⣶⣿⣿⡿          ⢿⣿⣿⣷⣶⣶⣾⣿⣿⡿          ⢿⣿⣿⣷⣶⣶⣾⣿⣿⡿          ⠙⢿⣿⣿⣶⣶⣿⣿⡿⠋    
                                                                              
                                                                              
#5 Meh              #6 Quill            #7 Fable            #8 Wink           
                                                                              
click a face to play · ←/→ page · s size · w single · space play page · q quit