█     ██   ███ ███ █   █                          
█    █  █ █     █  ██  █                          
█    █  █ █ ██  █  █ █ █                          
█    █  █ █  █  █  █  ██                          
████  ██   ███ ███ █   █                          
                                                  
ℹ Pick an account to continue — no password requir
                                                  
┌────────────────────────────────────────────────┐
│                                                │
│ ✓ Signed in as: Continue as guest              │
│                                                │
└────────────────────────────────────────────────┘