█     ██   ███ ███ █   █                
█    █  █ █     █  ██  █                
█    █  █ █ ██  █  █ █ █                
█    █  █ █  █  █  █  ██                
████  ██   ███ ███ █   █                
ℹ Pick an account to continue.          
> Continue as Ada Lovelace              
  Continue as guest                     
  Quit                                  
enter select  ctrl+c quit               