┌──────────────────────────────────────────────────────┐
│                                                      │
│  General  [Advanced]                                 │
│                                                      │
│ > ▸ Network                                          │
│   ▸ Developer                                        │
│                                                      │
│ [←→/click] tabs  [↑↓] move  [enter] toggle  [q] quit │
│                                                      │
└──────────────────────────────────────────────────────┘