┌──────────────────────────────────────┐
│                                      │
│ [General]  Advanced                  │
│                                      │
│ > ▸ Display                          │
│   ▸ Notifications                    │
│                                      │
│ [←→/click]  [↑↓]  [enter]  [q]       │
│                                      │
└──────────────────────────────────────┘