┌──────────────────────────────────────────────────────┐
│                                                      │
│ [General]  Advanced                                  │
│                                                      │
│ > ▸ Display                                          │
│   ▸ Notifications                                    │
│                                                      │
│ [←→/click] tabs  [↑↓] move  [enter] toggle  [q] quit │
│                                                      │
└──────────────────────────────────────────────────────┘