procstream — streaming a child process's
                                        
                                        
                                        
                                        
                                        
                                        
                                        
status: running...                      
(q/esc to quit)                         