procstream — streaming a child process's stdout             
                                                            
                                                            
                                                            
                                                            
                                                            
                                                            
                                                            
                                                            
                                                            
                                                            
                                                            
                                                            
                                                            
                                                            
status: running...                                          
(q/esc to quit)                                             