procstream — streaming a child process's stdout             
                                                            
                                                            
                                                            
                                                            
                                                            
                                                            
                                                            
                                                            
                                                            
                                                            
                                                            
                                                            
                                                            
                                                            
status: failed to start: no such file                       
(q/esc to quit)                                             