╭──────────────────────────────────────────────────────────╮
│                                                          │
│ Welcome to TUI                                           │
│                                                          │
│ ┌──────────────────────┐  ┌────────────────────────────┐ │
│ │                      │  │                            │ │
│ │ █████ █ █ ███        │  │ Info                       │ │
│ │  █ █ █ █             │  │ ────────────────────────── │ │
│ │  █ █ █ █             │  │ Version: v1.0.0            │ │
│ │  █ █ █ █             │  │ User: Ada Lovelace         │ │
│ │  █ ██ ███            │  │ Workspace: acline          │ │
│ │                      │  │                            │ │
│ └──────────────────────┘  └────────────────────────────┘ │
│                                                          │
│ enter/esc continue  ctrl+c quit                          │
│                                                          │
╰──────────────────────────────────────────────────────────╯