┌──────────────────────────────────────┐
│[Table]  JSON                         │
│  Name   Status    CPU                │
│  ────────────────────                │
│> api-1  running   12%                │
│  api-2  running   8%                 │
│  api-3  degraded  41%                │
│[←→]  [↑↓]  [enter]  [q]              │
└──────────────────────────────────────┘