╭───────────────────────────────────────────╮
│                                           │
│ Focus/Blur reference                      │
│                                           │
│ ╭───────────────────────────────────────╮ │
│ │Name:     Ada                          │ │
│ ╰───────────────────────────────────────╯ │
│ ╭───────────────────────────────────────╮ │
│ │Password: •••••••                      │ │
│ ╰───────────────────────────────────────╯ │
│ ╭───────────────────────────────────────╮ │
│ │a few words about you...               │ │
│ ╰───────────────────────────────────────╯ │
│                                           │
│ tab next  shift+tab prev  esc/ctrl+c quit │
│                                           │
╰───────────────────────────────────────────╯