╭───────────────────────────╮
│                           │
│ Router reference — Menu   │
│                           │
│ > Settings                │
│   About                   │
│   Quit                    │
│                           │
│ enter select  ctrl+c quit │
│                           │
╰───────────────────────────╯