┌──────────────────────────────────────────────┐
│                                              │
│ Sign in                                      │
│                                              │
│ demo: ada / lovelace                         │
│                                              │
│ Username:  ada                               │
│ Password:                                    │
│ [ ] Remember me                              │
│                                              │
│ [tab] next  [enter] sign in  [ctrl+t] design │
│                                              │
└──────────────────────────────────────────────┘