┌──────────────────────────────────────┐
│ Sign in                              │
│ demo: ada / lovelace                 │
│ Username:  ada                       │
│ Password:                            │
│ [ ] Remember me                      │
│ [tab]  [enter]  [ctrl+t]             │
└──────────────────────────────────────┘