╭──────────────────────────────────────╮
│                                      │
│ Done!                                │
│                                      │
│ 42 widgets loaded from the warehouse │
│                                      │
│ enter/q to quit                      │
│                                      │
╰──────────────────────────────────────╯