1 Keyword "#include"
1 Plain " "
1 String "<stdio.h>"
2 Keyword "#define"
2 Plain " N "
2 Number "10"
3 Comment "/* block */"
3 Plain " "
3 Keyword "static"
3 Plain " "
3 Keyword "const"
3 Plain " "
3 Type "unsigned"
3 Plain " "
3 Type "long"
3 Plain " x = "
3 Number "0x1FUL"
3 Plain ";"
4 Type "int"
4 Plain " main("
4 Type "void"
4 Plain ") { "
4 Type "char"
4 Plain " c = "
4 String "'\\n'"
4 Plain "; printf("
4 String "\"%d\\n\""
4 Plain ", N); "
4 Keyword "return"
4 Plain " "
4 Literal "NULL"
4 Plain " == "
4 Number "0"
4 Plain "; } "
4 Comment "// end"
