1 Keyword "#include"
1 Plain " "
1 String "<vector>"
2 Keyword "namespace"
2 Plain " a { "
2 Keyword "template"
2 Plain " <"
2 Keyword "typename"
2 Plain " T> "
2 Keyword "class"
2 Plain " B : "
2 Keyword "public"
2 Plain " C { "
2 Keyword "virtual"
2 Plain " "
2 Type "void"
2 Plain " f() "
2 Keyword "const"
2 Plain " "
2 Keyword "override"
2 Plain "; }; }"
3 Keyword "auto"
3 Plain " s = "
3 String "R\"(raw \"x\")\""
3 Plain "; "
3 Type "bool"
3 Plain " ok = "
3 Literal "true"
3 Plain " && "
3 Literal "nullptr"
3 Plain " == p; "
3 Comment "// end"
4 Plain "std::"
4 Type "string"
4 Plain " t = "
4 String "\"é\""
4 Plain "; "
4 Type "int"
4 Plain " n = "
4 Number "1'000"
4 Plain ";"
