1 Keyword "#region"
1 Plain " "
1 Type "Models"
2 Keyword "using"
2 Plain " "
2 Type "System"
2 Plain ";"
3 Comment "// A record with a verbatim path."
4 Keyword "public"
4 Plain " "
4 Keyword "record"
4 Plain " User("
4 Type "string"
4 Plain " "
4 Type "Name"
4 Plain ", "
4 Type "int"
4 Plain " "
4 Type "Age"
4 Plain ");"
6 Plain "["
6 Type "Serializable"
6 Plain "]"
7 Keyword "public"
7 Plain " "
7 Keyword "class"
7 Plain " "
7 Type "Repo"
7 Plain "<T> "
7 Keyword "where"
7 Plain " T : "
7 Keyword "class"
8 Plain "{"
9 Plain "    "
9 Keyword "private"
9 Plain " "
9 Keyword "readonly"
9 Plain " "
9 Type "string"
9 Plain " path = "
9 String "@\"C:\\data\\\"\"users\"\"\""
9 Plain ";"
10 Plain "    "
10 Keyword "public"
10 Plain " "
10 Keyword "async"
10 Plain " "
10 Type "Task"
10 Plain "<"
10 Type "int"
10 Plain "> CountAsync() => "
10 Keyword "await"
10 Plain " "
10 Type "Task"
10 Plain ".FromResult("
10 Number "42"
10 Plain ");"
11 Plain "    "
11 Comment "/* block */"
11 Plain " "
11 Keyword "var"
11 Plain " msg = "
11 String "$\"Hello {Name}, you are {Age:D2}\""
11 Plain ";"
12 Plain "    "
12 Type "bool"
12 Plain " ok = "
12 Literal "true"
12 Plain "; "
12 Type "object"
12 Plain " o = "
12 Literal "null"
12 Plain "; "
12 Type "double"
12 Plain " d = "
12 Number "1.5e-3"
12 Plain ";"
13 Plain "}"
14 Keyword "#endregion"
