1 Comment "/* Base styles */"
2 Keyword "@import"
2 Plain " url("
2 String "\"theme.css\""
2 Plain ");"
4 Keyword ":root"
4 Plain " { "
4 Key "--accent"
4 Plain ": "
4 Number "#0af"
4 Plain "; }"
6 Type "body"
6 Plain ", "
6 Type ".card"
6 Plain " > "
6 Type "h1#title"
6 Keyword "::before"
6 Plain " {"
7 Plain "  "
7 Key "font-family"
7 Plain ": "
7 String "\"Inter\""
7 Plain ", sans-serif;"
8 Plain "  "
8 Key "margin"
8 Plain ": "
8 Number "0"
8 Plain " "
8 Number "-2px"
8 Plain " "
8 Number "1.5em"
8 Plain " "
8 Number "10%"
8 Plain ";"
9 Plain "  "
9 Key "color"
9 Plain ": var(--accent) "
9 Keyword "!important"
9 Plain ";"
10 Plain "}"
12 Keyword "@media"
12 Plain " ("
12 Key "min-width"
12 Plain ": "
12 Number "600px"
12 Plain ") {"
13 Plain "  "
13 Type "a"
13 Keyword ":hover"
13 Plain " { "
13 Key "text-decoration"
13 Plain ": underline; }"
14 Plain "}"
