1 Keyword "package"
1 Plain " main"
3 Comment "// Greet says hi."
4 Keyword "func"
4 Plain " Greet(n "
4 Type "string"
4 Plain ") ("
4 Type "int"
4 Plain ", "
4 Type "error"
4 Plain ") {"
5 Plain "\t"
5 Keyword "const"
5 Plain " raw = "
5 String "`a"
6 String "b`"
7 Plain "\t"
7 Keyword "return"
7 Plain " "
7 Number "0x2A"
7 Plain " + "
7 Number "1"
7 Plain ", "
7 Literal "nil"
7 Plain " "
7 Comment "/* done */"
8 Plain "}"
