1 Keyword "<!DOCTYPE html>"
2 Keyword "<html"
2 Plain " "
2 Key "lang"
2 Plain "="
2 String "\"en\""
2 Keyword ">"
3 Keyword "<head>"
4 Plain "  "
4 Keyword "<meta"
4 Plain " "
4 Key "charset"
4 Plain "="
4 String "utf-8"
4 Keyword ">"
5 Plain "  "
5 Comment "<!-- a comment"
6 Comment "       over two lines -->"
7 Plain "  "
7 Keyword "<style>"
8 Plain "    "
8 Type "body"
8 Plain " { "
8 Key "color"
8 Plain ": "
8 Number "#333"
8 Plain "; "
8 Key "margin"
8 Plain ": "
8 Number "0"
8 Plain " auto; }"
9 Plain "  "
9 Keyword "</style>"
10 Keyword "</head>"
11 Keyword "<body"
11 Plain " "
11 Key "class"
11 Plain "="
11 String "\"main\""
11 Plain " "
11 Key "data-x"
11 Plain "="
11 String "'1'"
11 Plain " "
11 Key "hidden"
11 Keyword ">"
12 Plain "  "
12 Keyword "<p>"
12 Plain "Fish "
12 Literal "&amp;"
12 Plain " chips "
12 Literal "&#169;"
12 Plain " < not a tag"
12 Keyword "</p>"
13 Plain "  "
13 Keyword "<img"
13 Plain " "
13 Key "src"
13 Plain "="
13 String "\"a.png\""
13 Plain " "
13 Key "alt"
13 Plain "="
13 String "\"A\""
13 Keyword "/>"
14 Plain "  "
14 Keyword "<script>"
15 Plain "    "
15 Keyword "const"
15 Plain " n = "
15 Number "1"
15 Plain "; "
15 Comment "// count"
16 Plain "    "
16 Keyword "if"
16 Plain " (n < "
16 Number "2"
16 Plain ") { console.log("
16 String "\"small\""
16 Plain "); }"
17 Plain "  "
17 Keyword "</script>"
18 Keyword "</body>"
19 Keyword "</html>"
