1 Comment "; Global settings"
2 Comment "# also a comment"
3 Type "[server]"
4 Key "host"
4 Plain " = example.com"
5 Key "port"
5 Plain " = "
5 Number "8080"
6 Key "debug"
6 Plain " = "
6 Literal "true"
7 Key "name"
7 Plain " = "
7 String "\"my app\""
8 Key "ratio"
8 Plain ": "
8 Number "-0.5"
10 Type "[paths]"
11 Plain "  "
11 Key "root"
11 Plain " = /var/www"
12 Key "empty"
12 Plain " ="
