1 Keyword "package"
1 Plain " a.b;"
2 Comment "/** doc */"
3 Keyword "public"
3 Plain " "
3 Keyword "final"
3 Plain " "
3 Keyword "class"
3 Plain " A "
3 Keyword "extends"
3 Plain " B "
3 Keyword "implements"
3 Plain " C {"
4 Plain "    "
4 Keyword "@Override"
4 Plain " "
4 Keyword "public"
4 Plain " "
4 Type "String"
4 Plain " f("
4 Type "int"
4 Plain " n) { "
4 Keyword "return"
4 Plain " "
4 String "\"s\""
4 Plain " + n + "
4 Number "1.5f"
4 Plain " + "
4 Literal "null"
4 Plain " + "
4 Literal "true"
4 Plain "; }"
5 Plain "    "
5 Type "String"
5 Plain " t = "
5 String "\"\"\""
6 String "        text\"\"\""
6 Plain ";"
7 Plain "}"
