1 Comment "// add"
2 Keyword "const"
2 Plain " add = "
2 Keyword "async"
2 Plain " (a, b) => a + b;"
3 Keyword "let"
3 Plain " s = "
3 String "`t${1}`"
3 Plain " + "
3 String "'x'"
3 Plain " + "
3 String "\"y\""
3 Plain ", n = "
3 Number "0xFF"
3 Plain ", r = "
3 String "/ab+c/gi"
3 Plain ";"
4 Comment "/* block */"
4 Plain " "
4 Keyword "if"
4 Plain " (a === "
4 Literal "undefined"
4 Plain " || "
4 Literal "null"
4 Plain ") { "
4 Keyword "return"
4 Plain " "
4 Literal "true"
4 Plain "; }"
