1 Keyword "package"
1 Plain " app"
3 Keyword "import"
3 Plain " kotlin.math.max"
5 Comment "// A data class."
6 Keyword "data"
6 Plain " "
6 Keyword "class"
6 Plain " "
6 Type "Point"
6 Plain "("
6 Keyword "val"
6 Plain " x: "
6 Type "Int"
6 Plain ", "
6 Keyword "val"
6 Plain " y: "
6 Type "Int"
6 Plain " = "
6 Number "0"
6 Plain ")"
8 Keyword "@JvmStatic"
9 Keyword "fun"
9 Plain " main(args: "
9 Type "Array"
9 Plain "<"
9 Type "String"
9 Plain ">) {"
10 Plain "    "
10 Keyword "val"
10 Plain " name: "
10 Type "String"
10 Plain "? = "
10 Literal "null"
11 Plain "    "
11 Keyword "val"
11 Plain " text = "
11 String "\"\"\""
12 String "        Hello, ${name ?: \"world\"}"
13 String "    \"\"\""
13 Plain ".trimIndent()"
14 Plain "    "
14 Comment "/* outer /* nested */ still comment */"
15 Plain "    "
15 Keyword "when"
15 Plain " ("
15 Keyword "val"
15 Plain " n = max("
15 Number "1"
15 Plain ", "
15 Number "2"
15 Plain ")) { "
15 Number "2"
15 Plain " -> println("
15 String "\"two\""
15 Plain ") "
15 Keyword "else"
15 Plain " -> println(n) }"
16 Plain "    "
16 Keyword "val"
16 Plain " big = "
16 Number "1_000_000L"
16 Plain "; "
16 Keyword "val"
16 Plain " ok = "
16 Literal "true"
17 Plain "}"
