1 Comment "-- A module."
2 Keyword "local"
2 Plain " M = {}"
4 Comment "--[[ A block"
5 Comment "comment ]]"
7 Comment "--[==[ another"
8 Comment "]==]"
10 Keyword "function"
10 Plain " M.greet(name)"
11 Plain "  "
11 Keyword "local"
11 Plain " msg = "
11 String "[[multi"
12 String "line]]"
13 Plain "  "
13 Keyword "if"
13 Plain " name == "
13 Literal "nil"
13 Plain " "
13 Keyword "then"
14 Plain "    "
14 Keyword "return"
14 Plain " "
14 String "\"hello, \""
14 Plain " .. "
14 String "'world'"
15 Plain "  "
15 Keyword "end"
16 Plain "  "
16 Keyword "for"
16 Plain " i = "
16 Number "1"
16 Plain ", "
16 Number "0x10"
16 Plain " "
16 Keyword "do"
16 Plain " print(i * "
16 Number "2.5e1"
16 Plain ") "
16 Keyword "end"
17 Plain "  "
17 Keyword "return"
17 Plain " "
17 Literal "self"
17 Plain ", "
17 Literal "true"
17 Plain ", "
17 Literal "false"
18 Keyword "end"
20 Keyword "return"
20 Plain " M"
