1 Keyword "# Title"
2 Plain "Some "
2 Type "*em*"
2 Plain " and "
2 Type "**strong**"
2 Plain " with "
2 String "`code`"
2 Plain " and "
2 Key "[link]"
2 Variable "(http://x)"
2 Plain "."
3 Comment ">"
3 Plain " quote"
4 Keyword "-"
4 Plain " item one"
5 Keyword "1."
5 Plain " second"
6 Comment "```go"
7 Plain "func x() {}"
8 Comment "```"
9 Comment "---"
