1 Keyword "<?php"
2 Keyword "declare"
2 Plain "(strict_types="
2 Number "1"
2 Plain ");"
4 Keyword "namespace"
4 Plain " "
4 Type "App"
4 Plain ";"
6 Keyword "#["
6 Type "Attribute"
6 Plain "]"
7 Keyword "final"
7 Plain " "
7 Keyword "class"
7 Plain " "
7 Type "User"
7 Plain " {"
8 Plain "    "
8 Comment "// A comment."
9 Plain "    "
9 Comment "# Another comment."
10 Plain "    "
10 Keyword "public"
10 Plain " "
10 Keyword "function"
10 Plain " __construct("
10 Keyword "private"
10 Plain " "
10 Type "string"
10 Plain " "
10 Variable "$name"
10 Plain ", "
10 Keyword "private"
10 Plain " "
10 Type "int"
10 Plain " "
10 Variable "$age"
10 Plain " = "
10 Number "30"
10 Plain ") {}"
12 Plain "    "
12 Keyword "public"
12 Plain " "
12 Keyword "function"
12 Plain " greet(): "
12 Type "string"
12 Plain " {"
13 Plain "        "
13 Comment "/* block */"
14 Plain "        "
14 Keyword "return"
14 Plain " "
14 String "\"Hello, {$this->name}\""
14 Plain " . "
14 String "' ('"
14 Plain " . "
14 Variable "$this"
14 Plain "->age . "
14 String "')'"
14 Plain ";"
15 Plain "    }"
16 Plain "}"
18 Variable "$u"
18 Plain " = "
18 Keyword "new"
18 Plain " "
18 Type "User"
18 Plain "("
18 String "'Ada'"
18 Plain ");"
19 Keyword "IF"
19 Plain " ("
19 Variable "$u"
19 Plain " !== "
19 Literal "NULL"
19 Plain " && "
19 Literal "TRUE"
19 Plain ") { "
19 Keyword "echo"
19 Plain " "
19 Variable "$u"
19 Plain "->greet(); }"
20 Variable "$n"
20 Plain " = "
20 Number "0x1F"
20 Plain " + "
20 Number "3.14"
20 Plain ";"
21 Keyword "?>"
