1 Keyword "import"
1 Plain " os  "
1 Comment "# c"
2 Keyword "class"
2 Plain " A:"
3 Plain "    "
3 Keyword "def"
3 Plain " f(self, n: "
3 Type "int"
3 Plain " = "
3 Number "0x1F"
3 Plain ") -> "
3 Literal "None"
3 Plain ":"
4 Plain "        "
4 Keyword "return"
4 Plain " "
4 String "f'x{n}'"
4 Plain " + "
4 String "\"\"\"doc"
5 String "more\"\"\""
