1 Comment "# frozen_string_literal: true"
2 Keyword "require"
2 Plain " "
2 String "'json'"
4 Comment "=begin"
5 Comment "A block comment"
6 Comment "=end"
8 Keyword "module"
8 Plain " "
8 Type "Shop"
9 Plain "  "
9 Keyword "class"
9 Plain " "
9 Type "Cart"
10 Plain "    "
10 Keyword "attr_reader"
10 Plain " "
10 Literal ":items"
12 Plain "    "
12 Keyword "def"
12 Plain " initialize(items = [])"
13 Plain "      "
13 Variable "@items"
13 Plain " = items"
14 Plain "      "
14 Variable "@@count"
14 Plain " ||= "
14 Number "0"
15 Plain "      "
15 Variable "$debug"
15 Plain " = "
15 Literal "false"
16 Plain "    "
16 Keyword "end"
18 Plain "    "
18 Keyword "def"
18 Plain " empty?"
19 Plain "      items.empty? && !"
19 Literal "nil"
20 Plain "    "
20 Keyword "end"
22 Plain "    "
22 Keyword "def"
22 Plain " to_h"
23 Plain "      { "
23 Key "total:"
23 Plain " items.sum, "
23 Key "label:"
23 Plain " "
23 String "\"cart #{@items.size}\""
23 Plain ", "
23 Key "tag:"
23 Plain " "
23 Literal ":cart"
23 Plain " }"
24 Plain "    "
24 Keyword "end"
25 Plain "  "
25 Keyword "end"
26 Keyword "end"
28 Type "Shop"
28 Plain "::"
28 Type "Cart"
28 Plain ".new.to_h "
28 Keyword "if"
28 Plain " "
28 Number "3.14"
28 Plain " > "
28 Number "1_000"
