1 Comment "//! crate doc"
2 Comment "/* block /* nested */ still */"
3 Keyword "pub"
3 Plain " "
3 Keyword "fn"
3 Plain " main<"
3 Type "'a"
3 Plain ">(x: &"
3 Type "'a"
3 Plain " "
3 Type "str"
3 Plain ") -> "
3 Type "Option"
3 Plain "<"
3 Type "u32"
3 Plain "> {"
4 Plain "    "
4 Keyword "let"
4 Plain " r = "
4 String "r#\"raw \"q\"\"#"
4 Plain "; "
4 Keyword "let"
4 Plain " b = "
4 String "b'x'"
4 Plain "; "
4 Keyword "let"
4 Plain " n = "
4 Number "1_000u32"
4 Plain " + "
4 Number "0xFFi64"
4 Plain ";"
5 Plain "    println!("
5 String "\"{}\""
5 Plain ", x); "
5 Type "Some"
5 Plain "(n) "
5 Comment "// tail"
6 Plain "}"
