1 Comment "-- comment"
2 Keyword "SELECT"
2 Plain " id, "
2 String "'it''s'"
2 Plain " "
2 Keyword "AS"
2 Plain " s, "
2 Number "3.5"
2 Plain " "
2 Keyword "FROM"
2 Plain " "
2 Key "\"users\""
2 Plain " u "
2 Comment "/* b */"
3 Keyword "WHERE"
3 Plain " u.active = "
3 Literal "TRUE"
3 Plain " "
3 Keyword "AND"
3 Plain " x "
3 Keyword "IS"
3 Plain " "
3 Literal "NULL"
3 Plain " "
3 Keyword "ORDER"
3 Plain " "
3 Keyword "BY"
3 Plain " id; "
3 Comment "-- tail"
4 Keyword "create"
4 Plain " "
4 Keyword "table"
4 Plain " t (id "
4 Type "int"
4 Plain " "
4 Keyword "primary"
4 Plain " "
4 Keyword "key"
4 Plain ", name "
4 Type "varchar"
4 Plain "("
4 Number "10"
4 Plain "));"
