1 Keyword "import"
1 Plain " "
1 Type "Foundation"
3 Keyword "#if"
3 Plain " DEBUG"
4 Keyword "let"
4 Plain " level = "
4 String "\"debug\""
5 Keyword "#endif"
7 Comment "/// A shape protocol."
8 Keyword "protocol"
8 Plain " "
8 Type "Shape"
8 Plain " { "
8 Keyword "func"
8 Plain " area() -> "
8 Type "Double"
8 Plain " }"
10 Keyword "@MainActor"
11 Keyword "struct"
11 Plain " "
11 Type "Circle"
11 Plain ": "
11 Type "Shape"
11 Plain " {"
12 Plain "    "
12 Keyword "var"
12 Plain " radius: "
12 Type "Double"
12 Plain " = "
12 Number "1.5"
13 Plain "    "
13 Keyword "func"
13 Plain " area() -> "
13 Type "Double"
13 Plain " { "
13 Keyword "return"
13 Plain " .pi * radius * radius }"
14 Plain "}"
16 Comment "/* outer /* nested */ done */"
17 Keyword "let"
17 Plain " poem = "
17 String "\"\"\""
18 String "    Roses are red, \\(level)"
19 String "    \"\"\""
20 Keyword "guard"
20 Plain " "
20 Keyword "let"
20 Plain " x = "
20 Type "Int"
20 Plain "("
20 String "\"42\""
20 Plain ") "
20 Keyword "else"
20 Plain " { fatalError("
20 String "\"nil\""
20 Plain ") }"
21 Keyword "let"
21 Plain " maybe: "
21 Type "Int"
21 Plain "? = "
21 Literal "nil"
21 Plain "; "
21 Keyword "let"
21 Plain " yes = "
21 Literal "true"
