1 Comment "# cfg"
2 Key "title"
2 Plain " = "
2 String "\"TOML\""
3 Type "[owner]"
4 Key "name"
4 Plain " = "
4 String "'x'"
5 Key "dob"
5 Plain " = "
5 Number "1979-05-27T07:32:00Z"
6 Key "nums"
6 Plain " = ["
6 Number "1"
6 Plain ", "
6 Number "2.5"
6 Plain ", "
6 Number "0xFF"
6 Plain ", "
6 Number "-3"
6 Plain "]"
7 Key "on"
7 Plain " = "
7 Literal "true"
8 Key "\"quoted key\""
8 Plain " = "
8 String "\"\"\""
9 String "multi\"\"\""
10 Type "[[products]]"
