1 Keyword "<?xml version=\"1.0\" encoding=\"UTF-8\"?>"
2 Comment "<!-- configuration -->"
3 Keyword "<config"
3 Plain " "
3 Key "xmlns:x"
3 Plain "="
3 String "\"urn:x\""
3 Plain " "
3 Key "version"
3 Plain "="
3 String "'2'"
3 Keyword ">"
4 Plain "  "
4 Keyword "<x:item"
4 Plain " "
4 Key "id"
4 Plain "="
4 String "\"1\""
4 Plain " "
4 Key "enabled"
4 Plain "="
4 String "\"true\""
4 Keyword ">"
4 Plain "First "
4 Literal "&lt;"
4 Plain "item"
4 Literal "&gt;"
4 Keyword "</x:item>"
5 Plain "  "
5 Keyword "<data>"
5 String "<![CDATA[raw <b>text</b>]]>"
5 Keyword "</data>"
6 Plain "  "
6 Keyword "<empty/>"
7 Keyword "</config>"
