 File  View  Help                                                               
                                                                                
Workspace                                                                       
> Projects                                                                      
  Environments                                                                  
  Settings                                                                      
                                                                                
Last choice: nothing chosen yet                                                 
                                                                                
[f10] menu bar  [enter] open  [esc] back  [a] actions  [q] quit                 
                                                                                
                                                                                
                                                                                
                                                                                
                                                                                
                                                                                
                                                                                
                                                                                
                                                                                
                                                                                
                                                                                
                                                                                
                                                                                
                                                                                