 File  View  Help                       
Workspace                               
> Projects                              
  Environments                          
  Settings                              
Last choice: nothing chosen yet         
[f10]  [enter]  [esc]  [a]  [q]         
                                        
                                        
                                        