  Name               Role           
  ────────────────────────────────  
  Ada Lovelace       Engineer       
  Grace Hopper       Rear Admiral   
> Margaret Hamilton  Director       
  Katherine Johnson  Mathematician  
                                    
Selected: (none yet — press Enter)  
                                    
[↑/↓] move  [enter] select  [q] quit