  Name               Role             
  ────────────────────────────────    
  Ada Lovelace       Engineer         
  Grace Hopper       Rear Admiral     
> Margaret Hamilton  Director         
  Katherine Johnson  Mathematician    
                                      
Selected: Margaret Hamilton | Director
                                      
[↑/↓] move  [enter] select  [q] quit  