┌────────────────────────────────────────────────────────────────────────┐
│                                                                        │
│ Service Dashboard                                               v2.1.0 │
│ ─────────────────────────────── status ─────────────────────────────── │
│                                                                        │
│ ✓ API           ✓ healthy      ✓ Build → ● Test → ○ Deploy             │
│ ⚠ Worker Queue  ⚠ degraded     ⠋ Deploying build  █████░░░░░░░░░░      │
│ ✗ Database      ✗ down                                                 │
│                                                                        │
│ ────────────────────────────── metrics ─────────────────────────────── │
│                                                                        │
│ CPU  ▅▆▄▁▁▄▂▃▃▆▂▅▃▆▇▅▂█▅▆  69.2%                                       │
│ Mem  █▄▆▂▃▇▄▄▃▂▄▇▃▂▆▁▅▁▁▃  30.2%                                       │
│ Disk ███░░░░░░░░░░░░       17.3%                                       │
│                                                                        │
│ ────────────────────────────────────────────────────────────────────── │
│ [r] refresh  [d] about  [q] quit                                       │
│                                                                        │
└────────────────────────────────────────────────────────────────────────┘