┌──────────────────────────────────────────────────────────────────────────────────────────────────────────────────────────────────────────────────────────────────────────────────────────────────────────────────────────────────────────────────────────────────────────────────────────────────────────┐
│                                                                                                                                                                                                                                                                                                          │
│ Service Dashboard                                                                         v2.1.0                                                                                                                                                                                                         │
│ ──────────────────────────────────────────── status ────────────────────────────────────────────                                                                                                                                                                                                         │
│                                                                                                                                                                                                                                                                                                          │
│ ✓ API           ✓ healthy               metrics                                                                                                                                                                                                                                                          │
│ ⚠ Worker Queue  ⚠ degraded                                                                                                                                                                                                                                                                               │
│ ✗ Database      ✗ down                  CPU  ▅▆▄▁▁▄▂▃▃▆▂▅▃▆▇▅▂█▅▆  69.2%                                                                                                                                                                                                                                 │
│                                         Mem  █▄▆▂▃▇▄▄▃▂▄▇▃▂▆▁▅▁▁▃  30.2%                                                                                                                                                                                                                                 │
│ ✓ Build → ● Test → ○ Deploy             Disk ███░░░░░░░░░░░░       17.3%                                                                                                                                                                                                                                 │
│ ⠋ Deploying build  █████░░░░░░░░░░                                                                                                                                                                                                                                                                       │
│                                                                                                                                                                                                                                                                                                          │
│ ────────────────────────────────────────────────────────────────────────────────────────────────                                                                                                                                                                                                         │
│ [r] refresh  [d] about  [q] quit                                                                                                                                                                                                                                                                         │
│                                                                                                                                                                                                                                                                                                          │
│                                                                                                                                                                                                                                                                                                          │
│                                                                                                                                                                                                                                                                                                          │
│                                                                                                                                                                                                                                                                                                          │
│                                                                                                                                                                                                                                                                                                          │
│                                                                                                                                                                                                                                                                                                          │
│                                                                                                                                                                                                                                                                                                          │
│                                                                                                                                                                                                                                                                                                          │
│                                                                                                                                                                                                                                                                                                          │
│                                                                                                                                                                                                                                                                                                          │
│                                                                                                                                                                                                                                                                                                          │
│                                                                                                                                                                                                                                                                                                          │
│                                                                                                                                                                                                                                                                                                          │
│                                                                                                                                                                                                                                                                                                          │
│                                                                                                                                                                                                                                                                                                          │
│                                                                                                                                                                                                                                                                                                          │
│                                                                                                                                                                                                                                                                                                          │
│                                                                                                                                                                                                                                                                                                          │
│                                                                                                                                                                                                                                                                                                          │
│                                                                                                                                                                                                                                                                                                          │
│                                                                                                                                                                                                                                                                                                          │
│                                                                                                                                                                                                                                                                                                          │
│                                                                                                                                                                                                                                                                                                          │
│                                                                                                                                                                                                                                                                                                          │
│                                                                                                                                                                                                                                                                                                          │
│                                                                                                                                                                                                                                                                                                          │
│                                                                                                                                                                                                                                                                                                          │
│                                                                                                                                                                                                                                                                                                          │
│                                                                                                                                                                                                                                                                                                          │
│                                                                                                                                                                                                                                                                                                          │
│                                                                                                                                                                                                                                                                                                          │
│                                                                                                                                                                                                                                                                                                          │
│                                                                                                                                                                                                                                                                                                          │
│                                                                                                                                                                                                                                                                                                          │
│                                                                                                                                                                                                                                                                                                          │
│                                                                                                                                                                                                                                                                                                          │
│                                                                                                                                                                                                                                                                                                          │
│                                                                                                                                                                                                                                                                                                          │
│                                                                                                                                                                                                                                                                                                          │
│                                                                                                                                                                                                                                                                                                          │
│                                                                                                                                                                                                                                                                                                          │
│                                                                                                                                                                                                                                                                                                          │
│                                                                                                                                                                                                                                                                                                          │
│                                                                                                                                                                                                                                                                                                          │
│                                                                                                                                                                                                                                                                                                          │
│                                                                                                                                                                                                                                                                                                          │
│                                                                                                                                                                                                                                                                                                          │
│                                                                                                                                                                                                                                                                                                          │
│                                                                                                                                                                                                                                                                                                          │
│                                                                                                                                                                                                                                                                                                          │
│                                                                                                                                                                                                                                                                                                          │
│                                                                                                                                                                                                                                                                                                          │
│                                                                                                                                                                                                                                                                                                          │
│                                                                                                                                                                                                                                                                                                          │
│                                                                                                                                                                                                                                                                                                          │
│                                                                                                                                                                                                                                                                                                          │
│                                                                                                                                                                                                                                                                                                          │
│                                                                                                                                                                                                                                                                                                          │
│                                                                                                                                                                                                                                                                                                          │
│                                                                                                                                                                                                                                                                                                          │
│                                                                                                                                                                                                                                                                                                          │
│                                                                                                                                                                                                                                                                                                          │
│                                                                                                                                                                                                                                                                                                          │
│                                                                                                                                                                                                                                                                                                          │
│                                                                                                                                                                                                                                                                                                          │
└──────────────────────────────────────────────────────────────────────────────────────────────────────────────────────────────────────────────────────────────────────────────────────────────────────────────────────────────────────────────────────────────────────────────────────────────────────────┘